
> safeguard-desktop@0.0.0 build
> tsc -b && vite build

src/App.tsx(10,35): error TS2307: Cannot find module './data/useCheckLifecycle' or its corresponding type declarations.
src/App.tsx(11,32): error TS2307: Cannot find module './data/featureFlags' or its corresponding type declarations.
src/AppShell.tsx(6,3): error TS2305: Module '"./data/atoms"' has no exported member 'workflowStateAtom'.
src/AppShell.tsx(7,3): error TS2305: Module '"./data/atoms"' has no exported member 'isSettingsModalOpenAtom'.
src/AppShell.tsx(8,3): error TS2305: Module '"./data/atoms"' has no exported member 'isDevToolsModalOpenAtom'.
src/AppShell.tsx(9,3): error TS2305: Module '"./data/atoms"' has no exported member 'isRingAnimationTestOpenAtom'.
src/AppShell.tsx(10,3): error TS2305: Module '"./data/atoms"' has no exported member 'isFutureIdeasModalOpenAtom'.
src/AppShell.tsx(11,3): error TS2305: Module '"./data/atoms"' has no exported member 'isUserSettingsModalOpenAtom'.
src/AppShell.tsx(12,3): error TS2305: Module '"./data/atoms"' has no exported member 'appViewAtom'.
src/AppShell.tsx(33,35): error TS2307: Cannot find module './data/useVisualViewport' or its corresponding type declarations.
src/components/BottomSheet.tsx(3,24): error TS2307: Cannot find module 'vaul' or its corresponding type declarations.
src/components/ReloadPrompt.tsx(18,22): error TS7006: Parameter 'r' implicitly has an 'any' type.
src/components/ReloadPrompt.tsx(21,25): error TS7006: Parameter 'error' implicitly has an 'any' type.
src/components/UserAvatar.tsx(3,44): error TS2305: Module '"../data/atoms"' has no exported member 'isUserSettingsModalOpenAtom'.
src/components/UserAvatar.tsx(3,73): error TS2305: Module '"../data/atoms"' has no exported member 'isSettingsModalOpenAtom'.
src/components/UserAvatar.tsx(4,34): error TS2307: Cannot find module '../data/featureFlags' or its corresponding type declarations.
src/components/UserMenu.tsx(94,38): error TS2339: Property 'scanMode' does not exist on type 'AppConfig'.
src/data/nfcAtoms.ts(3,10): error TS2305: Module '"./atoms"' has no exported member 'nfcProvisioningGroupIdAtom'.
src/data/nfcAtoms.ts(3,38): error TS2305: Module '"./atoms"' has no exported member 'nfcProvisioningUnitIdAtom'.
src/data/useAppSound.ts(8,13): error TS2339: Property 'audioEnabled' does not exist on type 'AppConfig'.
src/data/useHaptics.ts(4,25): error TS2305: Module '"./atoms"' has no exported member 'HapticSuccessPattern'.
src/data/useHaptics.ts(4,47): error TS2305: Module '"./atoms"' has no exported member 'HapticErrorPattern'.
src/data/useHaptics.ts(40,21): error TS2339: Property 'hapticsEnabled' does not exist on type 'AppConfig'.
src/data/useHaptics.ts(50,50): error TS2339: Property 'hapticPatternSuccess' does not exist on type 'AppConfig'.
src/data/useHaptics.ts(52,48): error TS2339: Property 'hapticPatternError' does not exist on type 'AppConfig'.
src/data/useHaptics.ts(64,16): error TS2339: Property 'hapticsEnabled' does not exist on type 'AppConfig'.
src/data/useHaptics.ts(64,42): error TS2339: Property 'hapticPatternSuccess' does not exist on type 'AppConfig'.
src/data/useHaptics.ts(64,74): error TS2339: Property 'hapticPatternError' does not exist on type 'AppConfig'.
src/data/useUrlSync.ts(4,10): error TS2305: Module '"./atoms"' has no exported member 'appViewAtom'.
src/data/useUrlSync.ts(4,23): error TS2305: Module '"./atoms"' has no exported member 'AppView'.
src/desktop/components/HistoricalReviewView.tsx(33,11): error TS6133: 'setIsPanelOpen' is declared but its value is never read.
src/features/LateEffects/DesaturationOverlay.tsx(3,10): error TS2305: Module '"../../data/appDataAtoms"' has no exported member 'lateCheckCountAtom'.
src/features/LateEffects/DesaturationOverlay.tsx(4,34): error TS2307: Cannot find module '../../data/featureFlags' or its corresponding type declarations.
src/features/LateEffects/GlassTintOverlay.tsx(4,10): error TS2305: Module '"../../data/appDataAtoms"' has no exported member 'lateCheckCountAtom'.
src/features/LateEffects/GlassTintOverlay.tsx(5,34): error TS2307: Cannot find module '../../data/featureFlags' or its corresponding type declarations.
src/features/LateEffects/JumpFAB.tsx(3,10): error TS2305: Module '"../../data/appDataAtoms"' has no exported member 'lateCheckCountAtom'.
src/features/LateEffects/JumpFAB.tsx(3,30): error TS2305: Module '"../../data/appDataAtoms"' has no exported member 'timeSortedChecksAtom'.
src/features/LateEffects/JumpFAB.tsx(4,34): error TS2307: Cannot find module '../../data/featureFlags' or its corresponding type declarations.
src/features/LateEffects/JumpFAB.tsx(30,39): error TS7006: Parameter 'c' implicitly has an 'any' type.
src/features/LateEffects/PulseEffectsManager.tsx(4,10): error TS2305: Module '"../../data/appDataAtoms"' has no exported member 'lateCheckCountAtom'.
src/features/LateEffects/PulseEffectsManager.tsx(5,46): error TS2307: Cannot find module '../../data/featureFlags' or its corresponding type declarations.
src/features/LateEffects/VignetteOverlay.tsx(3,10): error TS2305: Module '"../../data/appDataAtoms"' has no exported member 'lateCheckCountAtom'.
src/features/LateEffects/VignetteOverlay.tsx(4,34): error TS2307: Cannot find module '../../data/featureFlags' or its corresponding type declarations.
src/features/Overlays/DeveloperModal.tsx(6,3): error TS2305: Module '"../../data/atoms"' has no exported member 'hardwareSimulationAtom'.
src/features/Overlays/DeveloperModal.tsx(119,34): error TS2339: Property 'simpleSubmitEnabled' does not exist on type 'AppConfig'.
src/features/Overlays/DeveloperModal.tsx(124,37): error TS2339: Property 'simpleSubmitEnabled' does not exist on type 'AppConfig'.
src/features/Overlays/DeveloperModal.tsx(129,36): error TS2339: Property 'markMultipleEnabled' does not exist on type 'AppConfig'.
src/features/Overlays/DeveloperModal.tsx(137,36): error TS2339: Property 'isCheckTypeEnabled' does not exist on type 'AppConfig'.
src/features/Overlays/DeveloperModal.tsx(156,32): error TS2339: Property 'residentStatusSet' does not exist on type 'AppConfig'.
src/features/Overlays/DeveloperModal.tsx(171,32): error TS2339: Property 'markMultipleLayout' does not exist on type 'AppConfig'.
src/features/Overlays/DeveloperModal.tsx(188,34): error TS2339: Property 'showStatusIndicators' does not exist on type 'AppConfig'.
src/features/Overlays/DeveloperModal.tsx(201,32): error TS2339: Property 'headerStyle' does not exist on type 'AppConfig'.
src/features/Overlays/DeveloperModal.tsx(236,34): error TS2339: Property 'showChromeShadow' does not exist on type 'AppConfig'.
src/features/Overlays/DeveloperModal.tsx(277,72): error TS7006: Parameter 'c' implicitly has an 'any' type.
src/features/Overlays/DeveloperModal.tsx(285,72): error TS7006: Parameter 'c' implicitly has an 'any' type.
src/features/Overlays/DeveloperModal.tsx(293,72): error TS7006: Parameter 'c' implicitly has an 'any' type.
src/features/Overlays/DeveloperModal.tsx(301,72): error TS7006: Parameter 'c' implicitly has an 'any' type.
src/features/Overlays/DeveloperModal.tsx(317,32): error TS2339: Property 'nfcTimeoutEnabled' does not exist on type 'AppConfig'.
src/features/Overlays/DeveloperModal.tsx(317,69): error TS2339: Property 'nfcScanTimeout' does not exist on type 'AppConfig'.
src/features/Overlays/DeveloperModal.tsx(333,34): error TS2339: Property 'isSlowLoadEnabled' does not exist on type 'AppConfig'.
src/features/Overlays/FacilitySelectionModal.tsx(6,3): error TS2305: Module '"../../data/atoms"' has no exported member 'isContextSelectionRequiredAtom'.
src/features/Overlays/FacilitySelectionModal.tsx(7,3): error TS2305: Module '"../../data/atoms"' has no exported member 'isContextSelectionModalOpenAtom'.
src/features/Overlays/FacilitySelectionModal.tsx(8,3): error TS2305: Module '"../../data/atoms"' has no exported member 'selectedFacilityGroupAtom'.
src/features/Overlays/FacilitySelectionModal.tsx(9,3): error TS2305: Module '"../../data/atoms"' has no exported member 'selectedFacilityUnitAtom'.
src/features/Overlays/FacilitySelectionModal.tsx(11,3): error TS2305: Module '"../../data/atoms"' has no exported member 'appViewAtom'.
src/features/Overlays/FacilitySelectionModal.tsx(12,3): error TS2305: Module '"../../data/atoms"' has no exported member 'isScheduleLoadingAtom'.
src/features/Overlays/FutureIdeasModal.tsx(4,66): error TS2307: Cannot find module '../../data/featureFlags' or its corresponding type declarations.
src/features/Overlays/FutureIdeasModal.tsx(5,25): error TS2305: Module '"../../data/atoms"' has no exported member 'isRingAnimationTestOpenAtom'.
src/features/Overlays/FutureIdeasModal.tsx(60,49): error TS7006: Parameter 'cur' implicitly has an 'any' type.
src/features/Overlays/FutureIdeasModal.tsx(79,82): error TS7006: Parameter 'cur' implicitly has an 'any' type.
src/features/Overlays/FutureIdeasModal.tsx(87,82): error TS7006: Parameter 'cur' implicitly has an 'any' type.
src/features/Overlays/FutureIdeasModal.tsx(103,54): error TS2339: Property 'hapticPatternSuccess' does not exist on type 'AppConfig'.
src/features/Overlays/FutureIdeasModal.tsx(120,54): error TS2339: Property 'hapticPatternError' does not exist on type 'AppConfig'.
src/features/Overlays/FutureIdeasModal.tsx(138,82): error TS7006: Parameter 'cur' implicitly has an 'any' type.
src/features/Overlays/FutureIdeasModal.tsx(153,82): error TS7006: Parameter 'cur' implicitly has an 'any' type.
src/features/Overlays/FutureIdeasModal.tsx(173,49): error TS7006: Parameter 'cur' implicitly has an 'any' type.
src/features/Overlays/FutureIdeasModal.tsx(189,49): error TS7006: Parameter 'cur' implicitly has an 'any' type.
src/features/Overlays/FutureIdeasModal.tsx(203,82): error TS7006: Parameter 'cur' implicitly has an 'any' type.
src/features/Overlays/FutureIdeasModal.tsx(211,82): error TS7006: Parameter 'cur' implicitly has an 'any' type.
src/features/Overlays/FutureIdeasModal.tsx(219,82): error TS7006: Parameter 'cur' implicitly has an 'any' type.
src/features/Overlays/FutureIdeasModal.tsx(227,82): error TS7006: Parameter 'cur' implicitly has an 'any' type.
src/features/Overlays/FutureIdeasModal.tsx(239,82): error TS7006: Parameter 'cur' implicitly has an 'any' type.
src/features/Overlays/FutureIdeasModal.tsx(251,82): error TS7006: Parameter 'cur' implicitly has an 'any' type.
src/features/Overlays/ManualCheckSelectorSheet.tsx(3,24): error TS2307: Cannot find module 'vaul' or its corresponding type declarations.
src/features/Overlays/ManualCheckSelectorSheet.tsx(5,3): error TS2305: Module '"../../data/atoms"' has no exported member 'isManualCheckModalOpenAtom'.
src/features/Overlays/ManualCheckSelectorSheet.tsx(6,3): error TS2305: Module '"../../data/atoms"' has no exported member 'manualSearchQueryAtom'.
src/features/Overlays/ManualCheckSelectorSheet.tsx(7,3): error TS2305: Module '"../../data/atoms"' has no exported member 'workflowStateAtom'.
src/features/Overlays/ManualCheckSelectorSheet.tsx(8,3): error TS2305: Module '"../../data/atoms"' has no exported member 'isGlobalSearchActiveAtom'.
src/features/Overlays/ManualCheckSelectorSheet.tsx(11,3): error TS2305: Module '"../../data/appDataAtoms"' has no exported member 'manualSelectionResultsAtom'.
src/features/Overlays/ManualCheckSelectorSheet.tsx(12,3): error TS2305: Module '"../../data/appDataAtoms"' has no exported member 'globalManualSearchResultsAtom'.
src/features/Overlays/ManualCheckSelectorSheet.tsx(105,34): error TS7006: Parameter 'check' implicitly has an 'any' type.
src/features/Overlays/NfcWriteSheet.tsx(4,24): error TS2307: Cannot find module 'vaul' or its corresponding type declarations.
src/features/Overlays/SettingsModal.tsx(5,34): error TS2307: Cannot find module '../../data/featureFlags' or its corresponding type declarations.
src/features/Overlays/SettingsModal.tsx(76,32): error TS2339: Property 'scanMode' does not exist on type 'AppConfig'.
src/features/Overlays/SettingsModal.tsx(90,36): error TS2339: Property 'hapticsEnabled' does not exist on type 'AppConfig'.
src/features/Overlays/SettingsModal.tsx(104,36): error TS2339: Property 'audioEnabled' does not exist on type 'AppConfig'.
src/features/Overlays/UserSettingsModal.tsx(4,34): error TS2307: Cannot find module '../../data/featureFlags' or its corresponding type declarations.
src/features/Overlays/UserSettingsModal.tsx(112,46): error TS2339: Property 'scanMode' does not exist on type 'AppConfig'.
src/features/Overlays/UserSettingsModal.tsx(126,52): error TS2339: Property 'hapticsEnabled' does not exist on type 'AppConfig'.
src/features/Overlays/UserSettingsModal.tsx(143,52): error TS2339: Property 'audioEnabled' does not exist on type 'AppConfig'.
src/features/Schedule/CheckCard.tsx(6,3): error TS2305: Module '"../../data/atoms"' has no exported member 'workflowStateAtom'.
src/features/Schedule/CheckCard.tsx(7,3): error TS2305: Module '"../../data/atoms"' has no exported member 'recentlyCompletedCheckIdAtom'.
src/features/Schedule/CheckCard.tsx(10,34): error TS2307: Cannot find module '../../data/featureFlags' or its corresponding type declarations.
src/features/Schedule/CheckCard.tsx(45,11): error TS2339: Property 'showStatusIndicators' does not exist on type 'AppConfig'.
src/features/Schedule/ScheduleView.tsx(5,10): error TS2305: Module '"../../data/appDataAtoms"' has no exported member 'timeSortedChecksAtom'.
src/features/Schedule/ScheduleView.tsx(5,32): error TS2305: Module '"../../data/appDataAtoms"' has no exported member 'routeSortedChecksAtom'.
src/features/Schedule/ScheduleView.tsx(8,3): error TS2305: Module '"../../data/atoms"' has no exported member 'isScheduleLoadingAtom'.
src/features/Schedule/ScheduleView.tsx(9,3): error TS2305: Module '"../../data/atoms"' has no exported member 'scheduleSearchQueryAtom'.
src/features/Schedule/ScheduleView.tsx(10,3): error TS2305: Module '"../../data/atoms"' has no exported member 'isScheduleRefreshingAtom'.
src/features/Schedule/ScheduleView.tsx(11,3): error TS2305: Module '"../../data/atoms"' has no exported member 'scheduleFilterAtom'.
src/features/Schedule/ScheduleView.tsx(104,11): error TS2339: Property 'isSlowLoadEnabled' does not exist on type 'AppConfig'.
src/features/Schedule/ScheduleView.tsx(146,67): error TS7053: Element implicitly has an 'any' type because expression of type 'any' can't be used to index type 'Record<"due" | "missed" | "queued", string>'.
src/features/Schedule/ScheduleView.tsx(187,75): error TS7053: Element implicitly has an 'any' type because expression of type 'any' can't be used to index type 'Record<"due" | "missed" | "queued", string>'.
src/features/Schedule/StatusBadge.tsx(6,34): error TS2307: Cannot find module '../../data/featureFlags' or its corresponding type declarations.
src/features/Shell/AppFooter.tsx(5,3): error TS2305: Module '"../../data/atoms"' has no exported member 'workflowStateAtom'.
src/features/Shell/AppFooter.tsx(8,10): error TS2305: Module '"../../data/appDataAtoms"' has no exported member 'lateCheckCountAtom'.
src/features/Shell/AppFooter.tsx(52,17): error TS2339: Property 'scanMode' does not exist on type 'AppConfig'.
src/features/Shell/AppFooter.tsx(61,84): error TS2339: Property 'headerStyle' does not exist on type 'AppConfig'.
src/features/Shell/AppFooter.tsx(61,120): error TS2339: Property 'showChromeShadow' does not exist on type 'AppConfig'.
src/features/Shell/AppFooter.tsx(62,18): error TS2339: Property 'scanMode' does not exist on type 'AppConfig'.
src/features/Shell/AppHeader.tsx(4,10): error TS2305: Module '"../../data/atoms"' has no exported member 'appViewAtom'.
src/features/Shell/AppHeader.tsx(6,10): error TS2305: Module '"../../data/appDataAtoms"' has no exported member 'lateCheckCountAtom'.
src/features/Shell/AppHeader.tsx(6,30): error TS2305: Module '"../../data/appDataAtoms"' has no exported member 'queuedChecksCountAtom'.
src/features/Shell/AppHeader.tsx(74,18): error TS2322: Type '"SYNC_QUEUED_CHECKS"' is not assignable to type '"RESET_DATA"'.
src/features/Shell/AppHeader.tsx(92,36): error TS2339: Property 'headerStyle' does not exist on type 'AppConfig'.
src/features/Shell/AppHeader.tsx(93,30): error TS2339: Property 'showChromeShadow' does not exist on type 'AppConfig'.
src/features/Shell/AppSideMenu.tsx(6,3): error TS2305: Module '"../../data/atoms"' has no exported member 'isSettingsModalOpenAtom'.
src/features/Shell/AppSideMenu.tsx(7,3): error TS2305: Module '"../../data/atoms"' has no exported member 'isDevToolsModalOpenAtom'.
src/features/Shell/AppSideMenu.tsx(8,3): error TS2305: Module '"../../data/atoms"' has no exported member 'isContextSelectionModalOpenAtom'.
src/features/Shell/AppSideMenu.tsx(9,3): error TS2305: Module '"../../data/atoms"' has no exported member 'selectedFacilityGroupAtom'.
src/features/Shell/AppSideMenu.tsx(10,3): error TS2305: Module '"../../data/atoms"' has no exported member 'selectedFacilityUnitAtom'.
src/features/Shell/AppSideMenu.tsx(11,3): error TS2305: Module '"../../data/atoms"' has no exported member 'isFutureIdeasModalOpenAtom'.
src/features/Shell/AppSideMenu.tsx(12,3): error TS2305: Module '"../../data/atoms"' has no exported member 'workflowStateAtom'.
src/features/Shell/AppSideMenu.tsx(17,32): error TS2307: Cannot find module './../../data/featureFlags' or its corresponding type declarations.
src/features/Shell/NfcScanButton.tsx(11,59): error TS2307: Cannot find module '../../data/featureFlags' or its corresponding type declarations.
src/features/Shell/NfcScanButton.tsx(126,39): error TS2339: Property 'simpleSubmitEnabled' does not exist on type 'AppConfig'.
src/features/Shell/OfflineToggleFab.tsx(21,24): error TS2322: Type '"SYNC_QUEUED_CHECKS"' is not assignable to type '"RESET_DATA"'.
src/features/Shell/SoundManager.tsx(3,22): error TS2307: Cannot find module 'use-sound' or its corresponding type declarations.
src/features/Shell/SoundManager.tsx(38,28): error TS2339: Property 'audioEnabled' does not exist on type 'AppConfig'.
src/features/Shell/SoundManager.tsx(54,93): error TS2339: Property 'audioEnabled' does not exist on type 'AppConfig'.
src/features/Shell/useNfcScan.ts(4,5): error TS2305: Module '"../../data/atoms"' has no exported member 'nfcScanStateAtom'.
src/features/Shell/useNfcScan.ts(5,5): error TS2305: Module '"../../data/atoms"' has no exported member 'nfcScanStartTimeAtom'.
src/features/Shell/useNfcScan.ts(7,5): error TS2305: Module '"../../data/atoms"' has no exported member 'workflowStateAtom'.
src/features/Shell/useNfcScan.ts(8,5): error TS2305: Module '"../../data/atoms"' has no exported member 'hardwareSimulationAtom'.
src/features/Shell/useNfcScan.ts(10,10): error TS2305: Module '"../../data/appDataAtoms"' has no exported member 'timeSortedChecksAtom'.
src/features/Shell/useNfcScan.ts(88,14): error TS7006: Parameter 'c' implicitly has an 'any' type.
src/features/Shell/useNfcScan.ts(92,38): error TS2339: Property 'simpleSubmitEnabled' does not exist on type 'AppConfig'.
src/features/Shell/useNfcScan.ts(94,18): error TS7006: Parameter 'acc' implicitly has an 'any' type.
src/features/Shell/useNfcScan.ts(94,23): error TS7006: Parameter 'resident' implicitly has an 'any' type.
src/features/Shell/useNfcScan.ts(114,116): error TS2339: Property 'simpleSubmitEnabled' does not exist on type 'AppConfig'.
src/features/Shell/useNfcScan.ts(139,23): error TS2339: Property 'nfcTimeoutEnabled' does not exist on type 'AppConfig'.
src/features/Shell/useNfcScan.ts(145,26): error TS2339: Property 'nfcScanTimeout' does not exist on type 'AppConfig'.
src/features/Shell/useNfcScan.ts(147,42): error TS2339: Property 'nfcScanTimeout' does not exist on type 'AppConfig'.
src/features/Shell/useNfcScan.ts(147,68): error TS2339: Property 'nfcTimeoutEnabled' does not exist on type 'AppConfig'.
src/features/Shell/useNfcScan.ts(170,23): error TS2339: Property 'nfcTimeoutEnabled' does not exist on type 'AppConfig'.
src/features/Shell/useNfcScan.ts(176,26): error TS2339: Property 'nfcScanTimeout' does not exist on type 'AppConfig'.
src/features/Shell/useNfcScan.ts(178,31): error TS2339: Property 'nfcTimeoutEnabled' does not exist on type 'AppConfig'.
src/features/Shell/useNfcScan.ts(178,60): error TS2339: Property 'nfcScanTimeout' does not exist on type 'AppConfig'.
src/features/Shell/useNfcScan.ts(201,23): error TS2339: Property 'simpleSubmitEnabled' does not exist on type 'AppConfig'.
src/features/Shell/useNfcScan.ts(212,18): error TS7006: Parameter 'c' implicitly has an 'any' type.
src/features/Shell/useNfcScan.ts(231,19): error TS2339: Property 'simpleSubmitEnabled' does not exist on type 'AppConfig'.
src/features/Shell/useNfcScan.ts(241,74): error TS2339: Property 'nfcScanTimeout' does not exist on type 'AppConfig'.
src/features/Shell/useNfcScan.ts(243,38): error TS2339: Property 'nfcScanTimeout' does not exist on type 'AppConfig'.
src/features/Shell/useNfcScan.ts(244,45): error TS2339: Property 'nfcScanTimeout' does not exist on type 'AppConfig'.
src/features/Shell/useNfcScan.ts(247,10): error TS7006: Parameter 'c' implicitly has an 'any' type.
src/features/Shell/useNfcScan.ts(261,32): error TS2339: Property 'nfcScanTimeout' does not exist on type 'AppConfig'.
src/features/Shell/useNfcScan.ts(262,39): error TS2339: Property 'nfcTimeoutEnabled' does not exist on type 'AppConfig'.
src/features/Shell/useNfcScan.ts(263,38): error TS2339: Property 'nfcShowCountdown' does not exist on type 'AppConfig'.
src/features/Workflow/CheckEntryView.tsx(6,3): error TS2305: Module '"../../data/atoms"' has no exported member 'WorkflowState'.
src/features/Workflow/CheckEntryView.tsx(7,3): error TS2305: Module '"../../data/atoms"' has no exported member 'workflowStateAtom'.
src/features/Workflow/CheckEntryView.tsx(15,36): error TS2307: Cannot find module '../../data/useScrollToFocused' or its corresponding type declarations.
src/features/Workflow/CheckEntryView.tsx(16,63): error TS2307: Cannot find module '../../data/formAtoms' or its corresponding type declarations.
src/features/Workflow/CheckEntryView.tsx(105,5): error TS2339: Property 'isCheckTypeEnabled' does not exist on type 'AppConfig'.
src/features/Workflow/CheckEntryView.tsx(106,5): error TS2339: Property 'markMultipleEnabled' does not exist on type 'AppConfig'.
src/features/Workflow/CheckEntryView.tsx(107,5): error TS2339: Property 'residentStatusSet' does not exist on type 'AppConfig'.
src/features/Workflow/CheckEntryView.tsx(108,5): error TS2339: Property 'markMultipleLayout' does not exist on type 'AppConfig'.
src/features/Workflow/CheckEntryView.tsx(161,52): error TS7006: Parameter 'acc' implicitly has an 'any' type.
src/features/Workflow/CheckEntryView.tsx(161,57): error TS7006: Parameter 'res' implicitly has an 'any' type.
src/features/Workflow/CheckEntryView.tsx(165,49): error TS7006: Parameter 'acc' implicitly has an 'any' type.
src/features/Workflow/CheckEntryView.tsx(165,54): error TS7006: Parameter 'res' implicitly has an 'any' type.
src/features/Workflow/CheckEntryView.tsx(262,33): error TS7006: Parameter 'r' implicitly has an 'any' type.
src/features/Workflow/CheckEntryView.tsx(269,63): error TS7006: Parameter 'res' implicitly has an 'any' type.
src/features/Workflow/CheckEntryView.tsx(301,9): error TS2322: Type '"CHECK_SUPPLEMENTAL_ADD"' is not assignable to type '"RESET_DATA"'.
src/features/Workflow/CheckEntryView.tsx(422,37): error TS7006: Parameter 'resident' implicitly has an 'any' type.
src/features/Workflow/CheckEntryView.tsx(425,58): error TS7006: Parameter 'sc' implicitly has an 'any' type.
src/features/Workflow/NfcWriteView.tsx(7,3): error TS2305: Module '"../../data/atoms"' has no exported member 'workflowStateAtom'.
src/features/Workflow/NfcWriteView.tsx(8,3): error TS2305: Module '"../../data/atoms"' has no exported member 'isContextSelectionModalOpenAtom'.
src/features/Workflow/NfcWriteView.tsx(9,3): error TS2305: Module '"../../data/atoms"' has no exported member 'selectedFacilityGroupAtom'.
src/features/Workflow/NfcWriteView.tsx(10,3): error TS2305: Module '"../../data/atoms"' has no exported member 'selectedFacilityUnitAtom'.
src/features/Workflow/ResidentCheckControl.tsx(8,37): error TS2307: Cannot find module '../../data/useAutosizeTextArea' or its corresponding type declarations.
src/features/Workflow/ResidentCheckControl.tsx(85,11): error TS2339: Property 'residentStatusSet' does not exist on type 'AppConfig'.
src/features/Workflow/ResidentCheckControl.tsx(85,30): error TS2339: Property 'markMultipleLayout' does not exist on type 'AppConfig'.
src/features/Workflow/ScanView.tsx(5,25): error TS2307: Cannot find module '@yudiel/react-qr-scanner' or its corresponding type declarations.
src/features/Workflow/ScanView.tsx(7,3): error TS2305: Module '"../../data/atoms"' has no exported member 'workflowStateAtom'.
src/features/Workflow/ScanView.tsx(8,3): error TS2305: Module '"../../data/atoms"' has no exported member 'hardwareSimulationAtom'.
src/features/Workflow/ScanView.tsx(12,3): error TS2305: Module '"../../data/appDataAtoms"' has no exported member 'timeSortedChecksAtom'.
src/features/Workflow/ScanView.tsx(106,23): error TS2339: Property 'simpleSubmitEnabled' does not exist on type 'AppConfig'.
src/features/Workflow/ScanView.tsx(157,55): error TS7006: Parameter 'c' implicitly has an 'any' type.
src/features/Workflow/ScanView.tsx(189,22): error TS7006: Parameter 'results' implicitly has an 'any' type.
src/features/Workflow/useCompleteCheck.ts(6,5): error TS2305: Module '"../../data/atoms"' has no exported member 'recentlyCompletedCheckIdAtom'.
src/features/Workflow/useCompleteCheck.ts(8,5): error TS2305: Module '"../../data/atoms"' has no exported member 'nfcScanStateAtom'.
src/features/Workflow/useCompleteCheck.ts(33,39): error TS2339: Property 'scanMode' does not exist on type 'AppConfig'.
src/features/Workflow/useCompleteCheck.ts(33,71): error TS2339: Property 'simpleSubmitEnabled' does not exist on type 'AppConfig'.
src/features/Workflow/useCompleteCheck.ts(40,20): error TS2322: Type '"CHECK_SET_COMPLETING"' is not assignable to type '"RESET_DATA"'.
src/features/Workflow/useCompleteCheck.ts(52,23): error TS2339: Property 'scanMode' does not exist on type 'AppConfig'.
src/features/Workflow/useCompleteCheck.ts(52,56): error TS2339: Property 'simpleSubmitEnabled' does not exist on type 'AppConfig'.
src/features/Workflow/useCompleteCheck.ts(65,28): error TS2322: Type '"CHECK_SET_QUEUED"' is not assignable to type '"RESET_DATA"'.
src/features/Workflow/useCompleteCheck.ts(67,28): error TS2322: Type '"CHECK_COMPLETE"' is not assignable to type '"RESET_DATA"'.
src/hooks/useGlobalOverlayState.ts(3,5): error TS2305: Module '"../data/atoms"' has no exported member 'appViewAtom'.
src/hooks/useGlobalOverlayState.ts(4,5): error TS2305: Module '"../data/atoms"' has no exported member 'isSettingsModalOpenAtom'.
src/hooks/useGlobalOverlayState.ts(5,5): error TS2305: Module '"../data/atoms"' has no exported member 'isDevToolsModalOpenAtom'.
src/hooks/useGlobalOverlayState.ts(6,5): error TS2305: Module '"../data/atoms"' has no exported member 'isFutureIdeasModalOpenAtom'.
src/hooks/useGlobalOverlayState.ts(7,5): error TS2305: Module '"../data/atoms"' has no exported member 'isUserSettingsModalOpenAtom'.
src/hooks/useGlobalOverlayState.ts(8,5): error TS2305: Module '"../data/atoms"' has no exported member 'isContextSelectionModalOpenAtom'.
src/hooks/useGlobalOverlayState.ts(9,5): error TS2305: Module '"../data/atoms"' has no exported member 'isManualCheckModalOpenAtom'.
src/hooks/useGlobalOverlayState.ts(10,5): error TS2305: Module '"../data/atoms"' has no exported member 'workflowStateAtom'.
